2026-08-28 18:07:23,913 [INFO] "GET /api/catigories/74366ffe-c79f-40d0-90ee-e9d401ba33c7 HTTP/1.1" 301 0
2026-08-28 18:07:24,087 [INFO] "GET /api/catigories/74366ffe-c79f-40d0-90ee-e9d401ba33c7/ HTTP/1.1" 200 15897
2026-08-28 18:08:38,432 [INFO] "DELETE /api/catigories/74366ffe-c79f-40d0-90ee-e9d401ba33c7/ HTTP/1.1" 200 15508
2026-08-28 20:23:57,894 [WARNING] "GET / HTTP/1.1" 404 2376
2026-08-28 20:24:11,620 [INFO] "GET /api/tasks/ HTTP/1.1" 200 17679
2026-08-28 20:24:11,750 [INFO] "GET /static/rest_framework/fonts/glyphicons-halflings-regular.woff2 HTTP/1.1" 304 0
2026-08-28 20:24:16,871 [INFO] "GET /api/tasks/ HTTP/1.1" 200 17679
2026-08-28 20:24:18,509 [INFO] "GET /api/catigories/ HTTP/1.1" 200 16636
2026-08-28 20:25:27,438 [WARNING] "GET /api/catigories/ HTTP/1.1" 401 9969
2026-08-28 20:25:40,623 [WARNING] "GET /api/catigories/ HTTP/1.1" 401 9969
2026-08-28 20:28:29,518 [WARNING] "GET / HTTP/1.1" 404 2376
2026-08-28 20:28:37,146 [INFO] "GET /api/tasks/ HTTP/1.1" 200 17679
2026-08-28 20:28:43,577 [INFO] "GET /api/tasks/ HTTP/1.1" 200 17679
2026-08-28 20:28:44,872 [INFO] "GET /api/catigories/ HTTP/1.1" 200 16636
2026-08-28 20:29:10,173 [INFO] "GET /admin/ HTTP/1.1" 302 0
2026-08-28 20:29:10,349 [INFO] "GET /admin/login/?next=/admin/ HTTP/1.1" 200 4307
2026-08-28 20:29:10,381 [INFO] "GET /static/admin/css/dark_mode.css HTTP/1.1" 304 0
2026-08-28 20:29:10,382 [INFO] "GET /static/admin/css/base.css HTTP/1.1" 304 0
2026-08-28 20:29:10,384 [INFO] "GET /static/admin/js/theme.js HTTP/1.1" 304 0
2026-08-28 20:29:10,395 [INFO] "GET /static/admin/css/nav_sidebar.css HTTP/1.1" 304 0
2026-08-28 20:29:10,397 [INFO] "GET /static/admin/css/login.css HTTP/1.1" 304 0
2026-08-28 20:29:10,398 [INFO] "GET /static/admin/css/responsive.css HTTP/1.1" 304 0
2026-08-28 20:29:10,403 [INFO] "GET /static/admin/js/nav_sidebar.js HTTP/1.1" 304 0
2026-08-28 20:29:21,242 [INFO] "GET /api/tasks/ HTTP/1.1" 200 17679
2026-08-28 20:29:58,545 [INFO] "GET /api/tasks/ HTTP/1.1" 200 17679
2026-08-28 20:30:00,762 [INFO] "GET /api/tasks/ HTTP/1.1" 200 17679
2026-08-28 20:30:01,781 [WARNING] "GET /api/catigories/ HTTP/1.1" 401 9969
2026-08-28 20:30:05,187 [WARNING] "GET /api/catigories/ HTTP/1.1" 401 9969
2026-08-28 20:34:18,493 [INFO] "GET /admin/ HTTP/1.1" 302 0
2026-08-28 20:34:18,565 [INFO] "GET /admin/login/?next=/admin/ HTTP/1.1" 200 4307
2026-08-28 20:34:31,772 [INFO] "POST /admin/login/?next=/admin/ HTTP/1.1" 200 4475
2026-08-28 20:34:37,749 [INFO] "POST /admin/login/?next=/admin/ HTTP/1.1" 200 4475
2026-08-28 20:34:45,015 [INFO] "POST /admin/login/?next=/admin/ HTTP/1.1" 200 4475
2026-08-28 20:35:38,660 [WARNING] "GET / HTTP/1.1" 404 2376
2026-08-28 20:35:43,076 [INFO] "GET /admin/ HTTP/1.1" 302 0
2026-08-28 20:35:43,146 [INFO] "GET /admin/login/?next=/admin/ HTTP/1.1" 200 4307
2026-08-28 20:35:53,831 [INFO] "POST /admin/login/?next=/admin/ HTTP/1.1" 302 0
2026-08-28 20:35:53,923 [INFO] "GET /admin/ HTTP/1.1" 200 8333
2026-08-28 20:35:53,940 [INFO] "GET /static/admin/css/dashboard.css HTTP/1.1" 304 0
2026-08-28 20:35:53,946 [INFO] "GET /static/admin/img/icon-addlink.svg HTTP/1.1" 304 0
2026-08-28 20:35:53,946 [INFO] "GET /static/admin/img/icon-changelink.svg HTTP/1.1" 304 0
2026-08-28 20:36:45,597 [WARNING] "GET /protected HTTP/1.1" 404 2421
2026-08-28 20:36:49,418 [WARNING] "GET /protected/ HTTP/1.1" 404 2424
2026-08-28 20:37:11,012 [WARNING] "GET /protected/ HTTP/1.1" 404 2424
2026-08-28 20:37:55,838 [WARNING] "POST /api/token/ HTTP/1.1" 404 7858
2026-08-28 20:46:17,440 [WARNING] "GET /protected/ HTTP/1.1" 404 2424
2026-08-28 20:46:27,392 [INFO] "GET /api/tasks/ HTTP/1.1" 200 17679
2026-08-28 20:46:29,950 [INFO] "GET /api/tasks/ HTTP/1.1" 200 17679
2026-08-28 20:46:31,068 [INFO] "GET /api/catigories/ HTTP/1.1" 200 16636
2026-08-28 20:46:39,349 [WARNING] "POST /api/token/ HTTP/1.1" 404 7858
2026-08-28 20:48:02,444 [INFO] "GET /api/catigories/ HTTP/1.1" 200 16636
2026-08-28 20:48:07,567 [WARNING] "POST /api/token/ HTTP/1.1" 404 7858
2026-08-28 20:50:43,762 [INFO] "POST /api/token/ HTTP/1.1" 200 489
2026-08-28 20:55:13,142 [WARNING] "GET /protected/ HTTP/1.1" 404 2424
2026-08-28 21:00:31,700 [INFO] "GET /api/catigories/ HTTP/1.1" 200 16636
2026-08-28 21:00:33,279 [INFO] "GET /api/catigories/ HTTP/1.1" 200 16636
2026-08-28 21:00:35,252 [INFO] "GET /api/catigories/ HTTP/1.1" 200 16636
2026-08-28 21:02:52,949 [WARNING] "POST /api/catigories/ HTTP/1.1" 400 36
2026-08-28 21:03:02,645 [ERROR] "POST /api/tasks HTTP/1.1" 500 71355
2026-08-28 21:03:22,799 [WARNING] "POST /api/tasks/ HTTP/1.1" 400 76
2026-08-28 21:03:54,094 [WARNING] "POST /api/catigories/ HTTP/1.1" 400 36
2026-08-28 21:06:01,853 [INFO] "GET /api/catigories/ HTTP/1.1" 200 793
2026-08-28 21:06:14,279 [INFO] "GET /api/tasks/ HTTP/1.1" 200 338
2026-08-28 21:07:26,445 [INFO] "GET /api/tasks/ HTTP/1.1" 200 338
2026-08-28 21:12:05,962 [WARNING] "GET /api/catigories/ HTTP/1.1" 401 9969
2026-08-28 21:12:17,160 [WARNING] "GET /api/tasks/ HTTP/1.1" 401 9962
2026-08-28 21:12:19,937 [WARNING] "GET /api/tasks/ HTTP/1.1" 401 9962
2026-08-28 22:16:11,737 [INFO] "POST /api/token/ HTTP/1.1" 200 489
2026-08-28 22:16:50,570 [WARNING] "GET /tasks/ HTTP/1.1" 404 2412
2026-08-28 22:16:57,910 [WARNING] "GET /tasks/ HTTP/1.1" 404 2412
2026-08-28 22:17:04,906 [WARNING] "GET /api/tasks/ HTTP/1.1" 401 172
2026-08-28 22:31:18,262 [INFO] "POST /api/token/ HTTP/1.1" 200 489
2026-08-28 22:32:20,840 [INFO] "GET /api/tasks/ HTTP/1.1" 200 338
2026-08-28 22:44:32,490 [WARNING] "GET /api/tasks/ HTTP/1.1" 401 172
2026-08-28 22:45:32,469 [INFO] "POST /api/token/ HTTP/1.1" 200 489
2026-08-28 22:46:16,475 [INFO] "GET /api/tasks/ HTTP/1.1" 200 338
2026-08-28 22:46:34,500 [INFO] "GET /api/catigories/ HTTP/1.1" 200 793
2026-08-28 22:47:42,915 [WARNING] "POST /api/catigories/ HTTP/1.1" 400 36
2026-08-28 22:47:54,413 [WARNING] "POST /api/catigories/ HTTP/1.1" 400 36
2026-08-28 22:48:04,068 [WARNING] "GET /api/tasks/ HTTP/1.1" 401 9962
2026-08-28 22:48:12,508 [WARNING] "GET /api/tasks/ HTTP/1.1" 401 9962
2026-08-28 22:48:16,966 [WARNING] "GET /api/tasks/ HTTP/1.1" 401 9962
2026-08-28 22:48:22,624 [WARNING] "GET /api/catigories/ HTTP/1.1" 401 9969
2026-08-28 22:48:47,984 [WARNING] "GET /api/catigories/ HTTP/1.1" 401 9969
2026-08-28 22:48:48,343 [INFO] "GET /static/rest_framework/css/prettify.css HTTP/1.1" 200 817
2026-08-28 22:48:48,348 [INFO] "GET /static/rest_framework/css/default.css HTTP/1.1" 200 1152
2026-08-28 22:48:48,353 [INFO] "GET /static/rest_framework/css/bootstrap.min.css HTTP/1.1" 200 121457
2026-08-28 22:48:48,382 [INFO] "GET /static/rest_framework/css/bootstrap-tweaks.css HTTP/1.1" 200 3426
2026-08-28 22:48:48,389 [INFO] "GET /static/rest_framework/js/csrf.js HTTP/1.1" 200 1793
2026-08-28 22:48:48,408 [INFO] "GET /static/rest_framework/js/ajax-form.js HTTP/1.1" 200 3796
2026-08-28 22:48:48,413 [INFO] "GET /static/rest_framework/img/grid.png HTTP/1.1" 200 1458
2026-08-28 22:48:48,415 [INFO] "GET /static/rest_framework/js/default.js HTTP/1.1" 200 1268
2026-08-28 22:48:48,417 [INFO] "GET /static/rest_framework/js/load-ajax-form.js HTTP/1.1" 200 59
2026-08-28 22:48:48,426 [INFO] "GET /static/rest_framework/js/prettify-min.js HTTP/1.1" 200 13632
2026-08-28 22:48:48,433 [INFO] "GET /static/rest_framework/js/bootstrap.min.js HTTP/1.1" 200 39680
2026-08-28 22:48:48,466 [INFO] "GET /static/rest_framework/js/jquery-3.7.1.min.js HTTP/1.1" 200 87533
2026-08-28 22:48:56,695 [WARNING] "GET /api/catigories/ HTTP/1.1" 401 9969
2026-08-28 22:48:57,731 [WARNING] "GET /api/catigories/ HTTP/1.1" 401 9969
2026-08-28 22:48:58,616 [WARNING] "GET /api/catigories/ HTTP/1.1" 401 9969
2026-08-28 22:48:58,790 [WARNING] "GET /api/catigories/ HTTP/1.1" 401 9969
2026-08-28 22:48:58,963 [WARNING] "GET /api/catigories/ HTTP/1.1" 401 9969
2026-08-28 22:48:59,164 [WARNING] "GET /api/catigories/ HTTP/1.1" 401 9969
2026-08-28 22:48:59,360 [WARNING] "GET /api/catigories/ HTTP/1.1" 401 9969
2026-08-28 22:48:59,506 [WARNING] "GET /api/catigories/ HTTP/1.1" 401 9969
2026-08-28 22:48:59,695 [WARNING] "GET /api/catigories/ HTTP/1.1" 401 9969
2026-08-28 22:48:59,889 [WARNING] "GET /api/catigories/ HTTP/1.1" 401 9969
2026-08-28 22:49:00,109 [WARNING] "GET /api/catigories/ HTTP/1.1" 401 9969
2026-08-28 22:49:00,307 [WARNING] "GET /api/catigories/ HTTP/1.1" 401 9969
2026-08-28 22:49:00,491 [WARNING] "GET /api/catigories/ HTTP/1.1" 401 9969
2026-08-28 22:49:00,694 [WARNING] "GET /api/catigories/ HTTP/1.1" 401 9969
2026-08-28 22:49:00,856 [WARNING] "GET /api/catigories/ HTTP/1.1" 401 9969
2026-08-28 22:49:01,025 [WARNING] "GET /api/catigories/ HTTP/1.1" 401 9969
2026-08-28 22:49:10,188 [INFO] "GET /api/catigories/ HTTP/1.1" 200 793
2026-08-28 22:49:53,665 [WARNING] "GET /api/catigories/ HTTP/1.1" 401 172
2026-08-28 22:51:14,929 [WARNING] "GET /api/catigories/ HTTP/1.1" 401 172
2026-08-28 22:51:28,873 [WARNING] "GET /api/catigories/ HTTP/1.1" 401 172
2026-08-28 22:52:19,738 [WARNING] "GET /token/refresh/ HTTP/1.1" 404 2436
2026-08-28 22:52:52,073 [WARNING] "GET /api/token/refresh/ HTTP/1.1" 405 40
2026-08-28 22:54:11,013 [INFO] "POST /api/token/refresh/ HTTP/1.1" 200 244
2026-08-28 22:55:04,180 [INFO] "GET /api/catigories/ HTTP/1.1" 200 793
2026-08-28 22:56:03,943 [INFO] "POST /api/catigories/ HTTP/1.1" 201 141
2026-08-28 22:57:01,131 [WARNING] "PATCH /api/catigories/ HTTP/1.1" 405 42
2026-08-28 22:57:10,479 [WARNING] "PATCH /api/catigories/ HTTP/1.1" 405 42
2026-08-29 13:43:21,941 [WARNING] "GET / HTTP/1.1" 404 2376
2026-08-29 13:43:25,065 [INFO] "GET /admin/ HTTP/1.1" 200 9396
2026-08-29 13:43:28,031 [INFO] "GET /admin/apps/task/ HTTP/1.1" 200 15601
2026-08-29 13:43:28,047 [INFO] "GET /static/admin/css/changelists.css HTTP/1.1" 304 0
2026-08-29 13:43:28,049 [INFO] "GET /static/admin/js/vendor/jquery/jquery.js HTTP/1.1" 304 0
2026-08-29 13:43:28,055 [INFO] "GET /static/admin/js/prepopulate.js HTTP/1.1" 304 0
2026-08-29 13:43:28,056 [INFO] "GET /static/admin/js/jquery.init.js HTTP/1.1" 304 0
2026-08-29 13:43:28,058 [INFO] "GET /static/admin/js/actions.js HTTP/1.1" 304 0
2026-08-29 13:43:28,059 [INFO] "GET /static/admin/js/core.js HTTP/1.1" 304 0
2026-08-29 13:43:28,061 [INFO] "GET /static/admin/js/admin/RelatedObjectLookups.js HTTP/1.1" 304 0
2026-08-29 13:43:28,062 [INFO] "GET /static/admin/js/vendor/xregexp/xregexp.js HTTP/1.1" 304 0
2026-08-29 13:43:28,063 [INFO] "GET /static/admin/js/urlify.js HTTP/1.1" 304 0
2026-08-29 13:43:28,064 [INFO] "GET /static/admin/img/search.svg HTTP/1.1" 304 0
2026-08-29 13:43:28,072 [INFO] "GET /static/admin/js/filters.js HTTP/1.1" 304 0
2026-08-29 13:43:28,094 [INFO] "GET /admin/jsi18n/ HTTP/1.1" 200 3342
2026-08-29 13:43:28,110 [INFO] "GET /static/admin/img/tooltag-add.svg HTTP/1.1" 304 0
2026-08-29 13:43:28,111 [INFO] "GET /static/admin/img/icon-viewlink.svg HTTP/1.1" 304 0
2026-08-29 13:43:28,115 [INFO] "GET /static/admin/img/sorting-icons.svg HTTP/1.1" 304 0
2026-08-29 13:43:33,063 [INFO] "GET /admin/apps/task/add/ HTTP/1.1" 200 25694
2026-08-29 13:43:33,076 [INFO] "GET /static/admin/css/widgets.css HTTP/1.1" 304 0
2026-08-29 13:43:33,076 [INFO] "GET /static/admin/css/forms.css HTTP/1.1" 304 0
2026-08-29 13:43:33,082 [INFO] "GET /static/admin/js/calendar.js HTTP/1.1" 304 0
2026-08-29 13:43:33,083 [INFO] "GET /static/admin/js/inlines.js HTTP/1.1" 304 0
2026-08-29 13:43:33,084 [INFO] "GET /static/admin/js/admin/DateTimeShortcuts.js HTTP/1.1" 304 0
2026-08-29 13:43:33,084 [INFO] "GET /static/admin/js/SelectFilter2.js HTTP/1.1" 304 0
2026-08-29 13:43:33,085 [INFO] "GET /static/admin/js/SelectBox.js HTTP/1.1" 304 0
2026-08-29 13:43:33,089 [INFO] "GET /static/admin/js/prepopulate_init.js HTTP/1.1" 304 0
2026-08-29 13:43:33,092 [INFO] "GET /admin/jsi18n/ HTTP/1.1" 200 3342
2026-08-29 13:43:33,095 [INFO] "GET /static/admin/js/change_form.js HTTP/1.1" 304 0
2026-08-29 13:43:33,132 [INFO] "GET /static/admin/img/icon-calendar.svg HTTP/1.1" 304 0
2026-08-29 13:43:33,132 [INFO] "GET /static/admin/img/selector-icons.svg HTTP/1.1" 304 0
2026-08-29 13:43:33,133 [INFO] "GET /static/admin/img/icon-clock.svg HTTP/1.1" 304 0
2026-08-29 13:43:33,156 [INFO] "GET /static/admin/img/inline-delete.svg HTTP/1.1" 304 0
2026-08-29 13:43:47,825 [INFO] "GET /admin/auth/user/add/ HTTP/1.1" 200 14527
2026-08-29 13:43:47,840 [INFO] "GET /admin/jsi18n/ HTTP/1.1" 200 3342
2026-08-29 13:43:47,906 [INFO] "GET /static/admin/css/unusable_password_field.css HTTP/1.1" 200 667
2026-08-29 13:44:37,298 [INFO] "POST /admin/auth/user/add/ HTTP/1.1" 200 15088
2026-08-29 13:44:37,313 [INFO] "GET /admin/jsi18n/ HTTP/1.1" 200 3342
2026-08-29 13:45:01,360 [INFO] "POST /admin/auth/user/add/ HTTP/1.1" 200 14888
2026-08-29 13:45:01,376 [INFO] "GET /admin/jsi18n/ HTTP/1.1" 200 3342
2026-08-29 13:45:21,454 [INFO] "POST /admin/auth/user/add/ HTTP/1.1" 302 0
2026-08-29 13:45:21,567 [INFO] "GET /admin/auth/user/2/change/ HTTP/1.1" 200 26048
2026-08-29 13:45:21,584 [INFO] "GET /admin/jsi18n/ HTTP/1.1" 200 3342
2026-08-29 13:45:21,601 [INFO] "GET /static/admin/img/icon-yes.svg HTTP/1.1" 304 0
2026-08-29 13:45:43,826 [INFO] "GET /admin/apps/task/ HTTP/1.1" 200 15601
2026-08-29 13:45:43,842 [INFO] "GET /admin/jsi18n/ HTTP/1.1" 200 3342
2026-08-29 13:45:45,874 [INFO] "GET /admin/apps/task/c6f5f4d2-ab54-4bcd-8a5e-91d51a1fdd79/change/ HTTP/1.1" 200 30126
2026-08-29 13:45:45,899 [INFO] "GET /admin/jsi18n/ HTTP/1.1" 200 3342
2026-08-29 13:45:53,653 [INFO] "POST /admin/apps/task/c6f5f4d2-ab54-4bcd-8a5e-91d51a1fdd79/change/ HTTP/1.1" 302 0
2026-08-29 13:45:53,678 [INFO] "GET /admin/apps/task/ HTTP/1.1" 200 15838
2026-08-29 13:45:53,699 [INFO] "GET /admin/jsi18n/ HTTP/1.1" 200 3342
2026-08-29 13:45:55,443 [INFO] "GET /admin/apps/task/4747293a-71fa-40db-8de3-a2d12d666e55/change/ HTTP/1.1" 200 37719
2026-08-29 13:45:55,461 [INFO] "GET /admin/jsi18n/ HTTP/1.1" 200 3342
2026-08-29 13:45:59,146 [INFO] "POST /admin/apps/task/4747293a-71fa-40db-8de3-a2d12d666e55/change/ HTTP/1.1" 302 0
2026-08-29 13:45:59,183 [INFO] "GET /admin/apps/task/ HTTP/1.1" 200 15831
2026-08-29 13:45:59,212 [INFO] "GET /admin/jsi18n/ HTTP/1.1" 200 3342
2026-08-29 14:22:40,834 [WARNING] "POST /api/tasks/ HTTP/1.1" 401 58
2026-08-29 14:23:04,817 [INFO] "POST /api/token/ HTTP/1.1" 200 489
2026-08-29 14:23:38,143 [WARNING] "POST /api/tasks/eyJhbGciOiJIUzI1NiIsInR5cCI6IkpXVCJ9.eyJ0b2tlbl90eXBlIjoiYWNjZXNzIiwiZXhwIjoxNzg4MDA2NDg0LCJpYXQiOjE3ODgwMDYxODQsImp0aSI6IjQ1NTBkY2JlYTE1OTQwOWJhZWE3NzFhODhmZDc2MzBjIiwidXNlcl9pZCI6IjEifQ.Bj7q0IKd3MHln18js0pcbvjY_jlJWGHVxy4OryoLIdo HTTP/1.1" 404 8543
2026-08-29 14:23:53,366 [WARNING] "POST /api/tasks/ HTTP/1.1" 400 76
2026-08-29 14:24:58,518 [WARNING] "POST /api/tasks/ HTTP/1.1" 400 107
2026-08-29 14:25:09,176 [WARNING] "POST /api/tasks/ HTTP/1.1" 400 107
2026-08-29 14:57:12,592 [INFO] "POST /api/token/refresh/ HTTP/1.1" 200 244
2026-08-29 14:57:48,615 [INFO] "POST /api/tasks/ HTTP/1.1" 201 129
2026-08-29 14:59:51,612 [INFO] "POST /api/tasks/ HTTP/1.1" 201 140
2026-08-29 15:07:11,803 [INFO] "POST /api/token/refresh/ HTTP/1.1" 200 244
2026-08-29 15:07:30,319 [WARNING] "POST /api/tasks/ HTTP/1.1" 400 75
2026-08-29 15:07:34,150 [INFO] "POST /api/tasks/ HTTP/1.1" 201 140
2026-08-29 15:08:33,651 [WARNING] "POST /api/tasks/my/ HTTP/1.1" 405 41
2026-08-29 15:08:36,986 [INFO] "GET /api/tasks/my/ HTTP/1.1" 200 750
2026-08-29 15:17:57,190 [WARNING] "GET /api/tasks/ HTTP/1.1" 401 172
2026-08-29 15:18:02,867 [INFO] "POST /api/token/refresh/ HTTP/1.1" 200 244
2026-08-29 15:18:19,542 [INFO] "GET /api/tasks/ HTTP/1.1" 200 912
2026-08-29 15:18:29,747 [INFO] "GET /api/tasks/4747293a-71fa-40db-8de3-a2d12d666e55/ HTTP/1.1" 200 886
2026-08-29 15:19:14,224 [WARNING] "PUT /api/tasks/4747293a-71fa-40db-8de3-a2d12d666e55/ HTTP/1.1" 400 42
2026-08-29 15:19:23,208 [WARNING] "PUT /api/tasks/4747293a-71fa-40db-8de3-a2d12d666e55/ HTTP/1.1" 400 42
2026-08-29 15:19:36,005 [WARNING] "PUT /api/tasks/4747293a-71fa-40db-8de3-a2d12d666e55/ HTTP/1.1" 400 104
2026-08-29 15:19:51,491 [WARNING] "PUT /api/tasks/4747293a-71fa-40db-8de3-a2d12d666e55/ HTTP/1.1" 400 103
2026-08-29 15:19:54,060 [WARNING] "PUT /api/tasks/4747293a-71fa-40db-8de3-a2d12d666e55/ HTTP/1.1" 400 40
2026-08-29 15:20:15,488 [WARNING] "PUT /api/tasks/4747293a-71fa-40db-8de3-a2d12d666e55/ HTTP/1.1" 400 104
2026-08-29 15:20:22,068 [WARNING] "PUT /api/tasks/4747293a-71fa-40db-8de3-a2d12d666e55/ HTTP/1.1" 400 42
2026-08-29 15:20:31,119 [INFO] "PUT /api/tasks/4747293a-71fa-40db-8de3-a2d12d666e55/ HTTP/1.1" 200 113
2026-08-29 15:21:58,961 [WARNING] "POST /api/token/ HTTP/1.1" 401 63
2026-08-29 15:22:11,679 [INFO] "GET /admin/auth/user/ HTTP/1.1" 200 14808
2026-08-29 15:22:11,697 [INFO] "GET /admin/jsi18n/ HTTP/1.1" 200 3342
2026-08-29 15:22:11,776 [INFO] "GET /static/admin/img/icon-no.svg HTTP/1.1" 200 645
2026-08-29 15:22:12,856 [INFO] "GET /admin/auth/user/2/change/ HTTP/1.1" 200 25817
2026-08-29 15:22:12,873 [INFO] "GET /admin/jsi18n/ HTTP/1.1" 200 3342
2026-08-29 15:22:23,868 [WARNING] "POST /api/token/ HTTP/1.1" 401 63
2026-08-29 15:22:45,758 [INFO] "GET /admin/auth/user/2/password/ HTTP/1.1" 200 11571
2026-08-29 15:22:54,022 [INFO] "POST /admin/auth/user/2/password/ HTTP/1.1" 200 11859
2026-08-29 15:23:12,323 [INFO] "POST /admin/auth/user/2/password/ HTTP/1.1" 302 0
2026-08-29 15:23:12,362 [INFO] "GET /admin/auth/user/2/change/ HTTP/1.1" 200 25953
2026-08-29 15:23:12,377 [INFO] "GET /admin/jsi18n/ HTTP/1.1" 200 3342
2026-08-29 15:23:21,813 [INFO] "POST /api/token/ HTTP/1.1" 200 489
2026-08-29 15:23:33,561 [WARNING] "PUT /api/tasks/4747293a-71fa-40db-8de3-a2d12d666e55/ HTTP/1.1" 403 63
2026-08-29 15:24:35,443 [INFO] "GET /api/tasks/4747293a-71fa-40db-8de3-a2d12d666e55/ HTTP/1.1" 200 889
2026-08-29 15:39:20,271 [WARNING] "GET / HTTP/1.1" 404 2723
2026-08-29 15:39:40,930 [INFO] "GET /swagger/ HTTP/1.1" 200 2165
2026-08-29 15:39:41,225 [INFO] "GET /static/drf-yasg/swagger-ui-dist/swagger-ui.css HTTP/1.1" 200 177183
2026-08-29 15:39:41,238 [INFO] "GET /static/drf-yasg/style.css HTTP/1.1" 200 1187
2026-08-29 15:39:41,260 [INFO] "GET /static/drf-yasg/insQ.min.js HTTP/1.1" 200 2093
2026-08-29 15:39:41,288 [INFO] "GET /static/drf-yasg/swagger-ui-init.js HTTP/1.1" 200 15480
2026-08-29 15:39:41,329 [INFO] "GET /static/drf-yasg/immutable.min.js HTTP/1.1" 200 56904
2026-08-29 15:39:41,400 [INFO] "GET /static/drf-yasg/swagger-ui-dist/swagger-ui-standalone-preset.js HTTP/1.1" 200 252451
2026-08-29 15:39:41,461 [INFO] "GET /static/drf-yasg/swagger-ui-dist/swagger-ui-bundle.js HTTP/1.1" 200 1510271
2026-08-29 15:39:41,658 [INFO] "GET /swagger/?format=openapi HTTP/1.1" 200 13285
2026-08-29 15:39:41,673 [INFO] "GET /static/drf-yasg/swagger-ui-dist/favicon-32x32.png HTTP/1.1" 200 628
2026-08-29 15:40:16,284 [INFO] "GET /swagger/ HTTP/1.1" 200 2165
2026-08-29 15:40:16,404 [INFO] "GET /swagger/?format=openapi HTTP/1.1" 200 13241
2026-08-29 15:40:18,240 [INFO] "GET /swagger/ HTTP/1.1" 200 2165
2026-08-29 15:40:18,505 [INFO] "GET /swagger/?format=openapi HTTP/1.1" 200 13241
2026-08-29 15:41:15,081 [INFO] "GET /redoc/ HTTP/1.1" 200 962
2026-08-29 15:41:15,098 [INFO] "GET /static/drf-yasg/style.css HTTP/1.1" 304 0
2026-08-29 15:41:15,099 [INFO] "GET /static/drf-yasg/insQ.min.js HTTP/1.1" 304 0
2026-08-29 15:41:15,263 [INFO] "GET /static/drf-yasg/redoc-init.js HTTP/1.1" 200 2566
2026-08-29 15:41:15,344 [INFO] "GET /static/drf-yasg/redoc/redoc.min.js HTTP/1.1" 200 1042511
2026-08-29 15:41:15,491 [INFO] "GET /redoc/?format=openapi HTTP/1.1" 200 13241
2026-08-29 15:41:15,501 [INFO] "GET /static/drf-yasg/redoc/redoc-logo.png HTTP/1.1" 200 4969
2026-08-30 19:32:23,142 [WARNING] "POST /api/login/ HTTP/1.1" 404 8990
2026-08-30 19:32:33,086 [INFO] "GET /admin/ HTTP/1.1" 200 10895
2026-08-30 19:32:33,104 [INFO] "GET /static/admin/css/base.css HTTP/1.1" 304 0
2026-08-30 19:32:33,105 [INFO] "GET /static/admin/css/dark_mode.css HTTP/1.1" 304 0
2026-08-30 19:32:33,106 [INFO] "GET /static/admin/js/theme.js HTTP/1.1" 304 0
2026-08-30 19:32:33,110 [INFO] "GET /static/admin/css/nav_sidebar.css HTTP/1.1" 304 0
2026-08-30 19:32:33,112 [INFO] "GET /static/admin/css/responsive.css HTTP/1.1" 304 0
2026-08-30 19:32:33,112 [INFO] "GET /static/admin/css/dashboard.css HTTP/1.1" 304 0
2026-08-30 19:32:33,118 [INFO] "GET /static/admin/js/nav_sidebar.js HTTP/1.1" 304 0
2026-08-30 19:32:33,126 [INFO] "GET /static/admin/img/icon-changelink.svg HTTP/1.1" 304 0
2026-08-30 19:32:33,127 [INFO] "GET /static/admin/img/icon-addlink.svg HTTP/1.1" 304 0
2026-08-30 19:32:37,472 [INFO] "POST /admin/logout/ HTTP/1.1" 200 3748
2026-08-30 19:32:41,136 [INFO] "GET /admin/ HTTP/1.1" 302 0
2026-08-30 19:32:41,290 [INFO] "GET /admin/login/?next=/admin/ HTTP/1.1" 200 4307
2026-08-30 19:32:41,300 [INFO] "GET /static/admin/css/login.css HTTP/1.1" 304 0
2026-08-30 19:32:46,233 [INFO] "POST /admin/login/?next=/admin/ HTTP/1.1" 302 0
2026-08-30 19:32:46,250 [INFO] "GET /admin/ HTTP/1.1" 200 10895
2026-08-30 19:33:38,155 [WARNING] "GET /api/login/ HTTP/1.1" 404 8989
2026-08-30 19:33:53,055 [WARNING] "GET /api/login/ HTTP/1.1" 404 8989
2026-08-30 19:35:19,420 [WARNING] "GET /api/login/ HTTP/1.1" 405 10409
2026-08-30 19:35:19,447 [INFO] "GET /static/rest_framework/css/prettify.css HTTP/1.1" 304 0
2026-08-30 19:35:19,450 [INFO] "GET /static/rest_framework/css/default.css HTTP/1.1" 304 0
2026-08-30 19:35:19,451 [INFO] "GET /static/rest_framework/css/bootstrap.min.css HTTP/1.1" 304 0
2026-08-30 19:35:19,453 [INFO] "GET /static/rest_framework/css/bootstrap-tweaks.css HTTP/1.1" 304 0
2026-08-30 19:35:19,458 [INFO] "GET /static/rest_framework/js/jquery-3.7.1.min.js HTTP/1.1" 304 0
2026-08-30 19:35:19,459 [INFO] "GET /static/rest_framework/js/csrf.js HTTP/1.1" 304 0
2026-08-30 19:35:19,462 [INFO] "GET /static/rest_framework/js/ajax-form.js HTTP/1.1" 304 0
2026-08-30 19:35:19,464 [INFO] "GET /static/rest_framework/js/bootstrap.min.js HTTP/1.1" 304 0
2026-08-30 19:35:19,465 [INFO] "GET /static/rest_framework/js/load-ajax-form.js HTTP/1.1" 304 0
2026-08-30 19:35:19,465 [INFO] "GET /static/rest_framework/js/default.js HTTP/1.1" 304 0
2026-08-30 19:35:19,465 [INFO] "GET /static/rest_framework/js/prettify-min.js HTTP/1.1" 304 0
2026-08-30 19:35:19,478 [INFO] "GET /static/rest_framework/img/grid.png HTTP/1.1" 304 0
2026-08-30 19:35:43,641 [INFO] "POST /api/login/ HTTP/1.1" 200 0
2026-08-30 19:36:19,355 [WARNING] "POST /api/login/ HTTP/1.1" 400 10460
2026-08-30 19:37:04,235 [WARNING] "POST /api/login/ HTTP/1.1" 400 10460
2026-08-30 19:39:32,819 [WARNING] "POST /api/login/ HTTP/1.1" 400 10445
2026-08-30 19:39:51,134 [INFO] "POST /api/login/ HTTP/1.1" 200 10317
2026-08-30 19:40:16,303 [INFO] "POST /api/login/ HTTP/1.1" 200 10351
2026-08-30 19:41:24,192 [WARNING] "GET /api/protected HTTP/1.1" 404 8990
2026-08-30 19:41:28,211 [WARNING] "GET /api/protected/ HTTP/1.1" 404 8993
2026-08-30 19:41:34,524 [INFO] "GET /api/tasks/ HTTP/1.1" 200 18978
2026-08-30 19:41:34,633 [INFO] "GET /static/rest_framework/fonts/glyphicons-halflings-regular.woff2 HTTP/1.1" 304 0
2026-08-30 19:42:12,499 [INFO] "GET /api/tasks/ HTTP/1.1" 200 915
2026-08-30 19:42:55,207 [WARNING] "GET /api/logout/ HTTP/1.1" 405 40
2026-08-30 19:43:03,292 [INFO] "POST /api/logout/ HTTP/1.1" 204 0
2026-08-30 19:43:16,928 [WARNING] "POST /api/login/ HTTP/1.1" 401 172
2026-08-30 19:43:33,072 [INFO] "POST /api/login/ HTTP/1.1" 200 0
2026-08-30 19:43:40,526 [INFO] "POST /api/logout/ HTTP/1.1" 204 0
2026-08-30 19:56:01,653 [WARNING] "POST /api/register/ HTTP/1.1" 401 58
2026-08-30 19:56:25,791 [INFO] "GET /api/register HTTP/1.1" 301 0
2026-08-30 19:56:25,883 [WARNING] "GET /api/register/ HTTP/1.1" 405 10470
2026-08-30 19:57:10,802 [WARNING] "POST /api/register/ HTTP/1.1" 401 58
2026-08-30 19:58:34,041 [ERROR] "POST /api/register/ HTTP/1.1" 500 101174
2026-08-30 19:59:55,464 [WARNING] "GET /api/register/ HTTP/1.1" 405 10470
2026-08-30 20:00:51,228 [WARNING] "POST /api/register/ HTTP/1.1" 400 10486
2026-08-30 20:01:42,840 [WARNING] "POST /api/register/ HTTP/1.1" 400 10486
2026-08-30 20:02:41,747 [ERROR] "POST /api/register/ HTTP/1.1" 500 101917
2026-08-30 20:03:16,851 [WARNING] "GET /api/register/ HTTP/1.1" 405 10470
2026-08-30 20:03:59,622 [INFO] "POST /api/register/ HTTP/1.1" 201 10563
2026-08-30 20:04:30,629 [WARNING] "GET /api/login/ HTTP/1.1" 405 10443
2026-08-30 20:09:26,934 [INFO] "POST /api/login/ HTTP/1.1" 200 10351
2026-08-30 20:09:42,266 [WARNING] "GET /api/register/ HTTP/1.1" 405 10470
2026-08-30 20:09:51,477 [WARNING] "GET /api/login/ HTTP/1.1" 405 10443
2026-08-30 20:10:30,041 [INFO] "POST /api/login/ HTTP/1.1" 200 10351
2026-08-30 20:10:57,981 [INFO] "GET /api/logout HTTP/1.1" 301 0
2026-08-30 20:10:57,995 [WARNING] "GET /api/logout/ HTTP/1.1" 405 10452
2026-08-30 20:11:55,393 [INFO] "POST /api/logout/ HTTP/1.1" 200 10368
2026-08-30 20:31:39,100 [INFO] "POST /api/login/ HTTP/1.1" 200 0
2026-08-30 20:31:50,000 [WARNING] "POST /api/tasks/4747293a-71fa-40db-8de3-a2d12d666e55/ HTTP/1.1" 405 41
2026-08-30 20:31:54,704 [WARNING] "POST /api/tasks/ HTTP/1.1" 400 76
2026-08-30 20:32:01,680 [INFO] "GET /api/tasks/ HTTP/1.1" 200 923
2026-08-30 20:32:08,978 [INFO] "GET /api/tasks/4747293a-71fa-40db-8de3-a2d12d666e55 HTTP/1.1" 301 0
2026-08-30 20:32:08,987 [INFO] "GET /api/tasks/4747293a-71fa-40db-8de3-a2d12d666e55/ HTTP/1.1" 200 889
2026-08-30 20:34:02,888 [ERROR] "PATCH /api/tasks/4747293a-71fa-40db-8de3-a2d12d666e55 HTTP/1.1" 500 72762
2026-08-30 20:35:23,184 [WARNING] "GET /api/tasks/4747293a-71fa-40db-8de3-a2d12d666e55/ HTTP/1.1" 401 10326
2026-08-30 20:35:39,987 [WARNING] "GET /api/login/ HTTP/1.1" 405 10409
2026-08-30 20:36:18,396 [INFO] "POST /api/login/ HTTP/1.1" 200 10317
2026-08-30 20:36:24,129 [INFO] "GET /api/tasks/ HTTP/1.1" 200 18986
2026-08-30 20:36:26,097 [INFO] "GET /api/tasks/ HTTP/1.1" 200 18986
2026-08-30 20:36:31,950 [INFO] "GET /api/tasks/4747293a-71fa-40db-8de3-a2d12d666e55 HTTP/1.1" 301 0
2026-08-30 20:36:31,971 [INFO] "GET /api/tasks/4747293a-71fa-40db-8de3-a2d12d666e55/ HTTP/1.1" 200 18303
2026-08-30 20:39:23,299 [INFO] "PUT /api/tasks/4747293a-71fa-40db-8de3-a2d12d666e55/ HTTP/1.1" 200 16642
2026-08-30 20:39:42,098 [INFO] "PUT /api/tasks/4747293a-71fa-40db-8de3-a2d12d666e55/ HTTP/1.1" 200 16642
2026-08-30 20:39:47,751 [INFO] "PUT /api/tasks/4747293a-71fa-40db-8de3-a2d12d666e55/ HTTP/1.1" 200 16642
2026-08-30 20:39:55,515 [INFO] "PUT /api/tasks/4747293a-71fa-40db-8de3-a2d12d666e55/ HTTP/1.1" 200 16642
2026-08-30 20:42:26,308 [INFO] "PUT /api/tasks/4747293a-71fa-40db-8de3-a2d12d666e55/ HTTP/1.1" 200 16640
2026-08-30 20:42:36,505 [WARNING] "GET /api/login/ HTTP/1.1" 405 10443
2026-08-30 20:42:39,289 [WARNING] "GET /api/logout/ HTTP/1.1" 405 10452
2026-08-30 20:42:54,768 [WARNING] "GET /api/login/ HTTP/1.1" 405 10409
2026-08-30 20:42:55,104 [INFO] "GET /static/rest_framework/css/prettify.css HTTP/1.1" 200 817
2026-08-30 20:42:55,115 [INFO] "GET /static/rest_framework/css/bootstrap-tweaks.css HTTP/1.1" 200 3426
2026-08-30 20:42:55,127 [INFO] "GET /static/rest_framework/css/default.css HTTP/1.1" 200 1152
2026-08-30 20:42:55,135 [INFO] "GET /static/rest_framework/css/bootstrap.min.css HTTP/1.1" 200 121457
2026-08-30 20:42:55,167 [INFO] "GET /static/rest_framework/js/csrf.js HTTP/1.1" 200 1793
2026-08-30 20:42:55,175 [INFO] "GET /static/rest_framework/js/ajax-form.js HTTP/1.1" 200 3796
2026-08-30 20:42:55,182 [INFO] "GET /static/rest_framework/img/grid.png HTTP/1.1" 200 1458
2026-08-30 20:42:55,184 [INFO] "GET /static/rest_framework/js/default.js HTTP/1.1" 200 1268
2026-08-30 20:42:55,208 [INFO] "GET /static/rest_framework/js/load-ajax-form.js HTTP/1.1" 200 59
2026-08-30 20:42:55,210 [INFO] "GET /static/rest_framework/js/prettify-min.js HTTP/1.1" 200 13632
2026-08-30 20:42:55,216 [INFO] "GET /static/rest_framework/js/bootstrap.min.js HTTP/1.1" 200 39680
2026-08-30 20:42:55,261 [INFO] "GET /static/rest_framework/js/jquery-3.7.1.min.js HTTP/1.1" 200 87533
2026-08-30 20:44:19,573 [INFO] "POST /api/login/ HTTP/1.1" 200 10317
2026-08-30 20:44:25,446 [INFO] "GET /api/tasks HTTP/1.1" 301 0
2026-08-30 20:44:25,474 [INFO] "GET /api/tasks/ HTTP/1.1" 200 18986
2026-08-30 20:44:25,604 [INFO] "GET /static/rest_framework/fonts/glyphicons-halflings-regular.woff2 HTTP/1.1" 200 18028
2026-08-30 20:44:26,878 [INFO] "GET /api/tasks/ HTTP/1.1" 200 18986
2026-08-30 20:44:33,759 [INFO] "GET /api/tasks/4747293a-71fa-40db-8de3-a2d12d666e55/ HTTP/1.1" 200 18303
2026-08-30 20:45:00,797 [INFO] "PUT /api/tasks/4747293a-71fa-40db-8de3-a2d12d666e55/ HTTP/1.1" 200 16642
